// Jest Snapshot v1, https://goo.gl/fbAQLP

exports[`app matches snapshot 1`] = `
<DocumentFragment>
  <div
    class="App"
  >
    <header
      class="App-header"
    >
      <h1
        class="main-title"
      >
        AmILegal
      </h1>
      <button
        aria-label="go back"
        class="MuiButtonBase-root MuiIconButton-root MuiIconButton-colorPrimary"
        style="margin: 0px 0px 10px 0px;"
        tabindex="0"
        type="button"
      >
        <span
          class="MuiIconButton-label"
        >
          <svg
            aria-hidden="true"
            class="MuiSvgIcon-root"
            focusable="false"
            role="presentation"
            viewBox="0 0 24 24"
          >
            <path
              d="M11.67 3.87L9.9 2.1 0 12l9.9 9.9 1.77-1.77L3.54 12z"
            />
          </svg>
        </span>
        <span
          class="MuiTouchRipple-root"
        />
      </button>
    </header>
    <div
      aria-valuenow="0"
      class="MuiLinearProgress-root MuiLinearProgress-colorPrimary MuiLinearProgress-determinate"
      role="progressbar"
      style="height: 25px;"
    >
      <div
        class="MuiLinearProgress-bar MuiLinearProgress-barColorPrimary MuiLinearProgress-bar1Determinate"
        style="transform: translateX(-100%);"
      />
    </div>
    <div
      class="MuiGrid-root MuiGrid-container MuiGrid-direction-xs-column MuiGrid-align-items-xs-center MuiGrid-justify-xs-center"
    >
      <div
        class="MuiGrid-root MuiGrid-item MuiGrid-grid-xs-12"
      >
        <div
          class="MuiPaper-root MuiPaper-elevation8 MuiPaper-rounded MuiCard-root questions-card"
        >
          <div
            class="MuiCardContent-root"
          >
            <h1
              style="margin: 15px 0px 0px 0px;"
            >
              When was your sign-in?
            </h1>
            <div
              class="dynamic-component-wrapper"
            >
              <div
                class="MuiFormControl-root MuiTextField-root"
                format="hh:mm A"
              >
                <div
                  class="MuiInputBase-root MuiInput-root MuiInput-underline MuiInputBase-formControl MuiInput-formControl"
                >
                  <input
                    aria-invalid="false"
                    class="MuiInputBase-input MuiInput-input"
                    readonly=""
                    type="text"
                    value="10:03 AM"
                  />
                </div>
              </div>
              <h5 />
              <button
                class="MuiButtonBase-root MuiButton-root MuiButton-containedPrimary MuiButton-contained MuiButton-sizeLarge"
                tabindex="0"
                type="button"
              >
                <span
                  class="MuiButton-label"
                >
                  Next
                </span>
                <span
                  class="MuiTouchRipple-root"
                />
              </button>
            </div>
          </div>
          <div
            class="card-actions"
          />
        </div>
      </div>
      <div
        class="MuiGrid-root MuiGrid-item MuiGrid-grid-xs-12"
      >
        <div
          class="MuiPaper-root MuiPaper-elevation8 MuiPaper-rounded MuiCard-root results-card"
        >
          <div
            class="display-wrap"
          >
            <p>
              Sign In:
            </p>
             
            <h5 />
          </div>
          <div
            class="display-wrap"
          >
            <p>
              Origin Station:
            </p>
             
            <h5 />
          </div>
          <div
            class="display-wrap"
          >
            <p>
              Next Flying Time:
            </p>
             
            <h5 />
          </div>
          <div
            class="display-wrap"
          >
            <p>
              Int:
            </p>
             
            <h5 />
          </div>
        </div>
      </div>
    </div>
    <footer
      class="footer"
    >
      <p>
        2.1.2 
      </p>
      © 2019 Cool Dev Labs
      <div>
        <button
          class="MuiButtonBase-root MuiButton-root MuiButton-outlined MuiButton-outlinedSecondary"
          tabindex="0"
          type="button"
        >
          <span
            class="MuiButton-label"
          >
            Info
          </span>
          <span
            class="MuiTouchRipple-root"
          />
        </button>
      </div>
    </footer>
  </div>
</DocumentFragment>
`;
